// Jest Snapshot v1, https://goo.gl/fbAQLP

exports[`Pages Home should render properly 1`] = `
<div>
  <main
    class="sc-bdvvtL bDGBmc"
  >
    <section
      class="sc-gsDKAQ kkkkeT"
      name=""
    >
      <form>
        <select
          class="sc-hKwDye kzGsAq"
          data-testid="idLottery"
          name="idLottery"
        >
          <option
            value=""
          />
          <option
            value="0"
          >
            mega-sena
          </option>
          <option
            value="1"
          >
            quina
          </option>
          <option
            value="2"
          >
            lotofácil
          </option>
          <option
            value="3"
          >
            lotomania
          </option>
          <option
            value="4"
          >
            timemania
          </option>
          <option
            value="5"
          >
            dia de sorte
          </option>
        </select>
      </form>
      
    </section>
    <section
      class="sc-gKclnd gCSmHZ"
    >
      <div
        class="sc-furwcr jBCBiY"
      />
      <p
        class="sc-pVTFL jrCaeW"
      >
        Este sorteio é meramente ilustrativo e não possui nenhuma ligação com a CAIXA.
      </p>
    </section>
  </main>
</div>
`;
